{"timestamp":"2026-06-28T09:56:04.275566Z","level":"warning","event":"section/key [openlineage/namespace] not found in config","logger":"airflow.configuration","filename":"configuration.py","lineno":1111}
{"timestamp":"2026-06-28T09:56:04.492404Z","level":"info","event":"DAG bundles loaded: my-git-repo","logger":"airflow.dag_processing.bundles.manager.DagBundlesManager","filename":"manager.py","lineno":179}
{"timestamp":"2026-06-28T09:56:04.494758Z","level":"warning","event":"Using Connection.from_json from `airflow.models` is deprecated.Please use `from_json` on Connection from sdk(airflow.sdk.Connection) instead","category":"DeprecationWarning","filename":"/home/airflow/.local/lib/python3.12/site-packages/airflow/models/connection.py","lineno":574,"logger":"py.warnings"}
{"timestamp":"2026-06-28T09:56:04.495217Z","level":"info","event":"Cloning bare repository","bundle_name":"my-git-repo","version":"596fbb2f512c9991fef10c89fe5b912989de75b0","bare_repo_path":"PosixPath('/tmp/airflow/dag_bundles/my-git-repo/bare')","repo_path":"PosixPath('/tmp/airflow/dag_bundles/my-git-repo/versions/596fbb2f512c9991fef10c89fe5b912989de75b0')","versions_path":"PosixPath('/tmp/airflow/dag_bundles/my-git-repo/versions')","git_conn_id":"git_conn","submodules":false,"logger":"airflow.providers.git.bundles.git","filename":"git.py","lineno":200}
{"timestamp":"2026-06-28T09:56:06.379606Z","level":"info","event":"Cloning repository","bundle_name":"my-git-repo","version":"596fbb2f512c9991fef10c89fe5b912989de75b0","bare_repo_path":"PosixPath('/tmp/airflow/dag_bundles/my-git-repo/bare')","repo_path":"PosixPath('/tmp/airflow/dag_bundles/my-git-repo/versions/596fbb2f512c9991fef10c89fe5b912989de75b0')","versions_path":"PosixPath('/tmp/airflow/dag_bundles/my-git-repo/versions')","git_conn_id":"git_conn","submodules":false,"logger":"airflow.providers.git.bundles.git","filename":"git.py","lineno":166}
{"timestamp":"2026-06-28T09:56:06.424635Z","level":"info","event":"Filling up the DagBag from /tmp/airflow/dag_bundles/my-git-repo/versions/596fbb2f512c9991fef10c89fe5b912989de75b0/airflow-dags/cheapshark/DAG_cheapshark.py","logger":"airflow.models.dagbag.DagBag","filename":"dagbag.py","lineno":593}
{"timestamp":"2026-06-28T09:56:06.848292Z","level":"info","event":"::group::Cosmos DAG parsing logs","logger":"cosmos.converter","filename":"converter.py","lineno":293}
{"timestamp":"2026-06-28T09:56:06.848912Z","level":"info","event":"Trying to parse the dbt project using dbt ls cache cosmos_cache__get_cheapshark_deals__dbt_transform...","logger":"cosmos.dbt.graph","filename":"graph.py","lineno":781}
{"timestamp":"2026-06-28T09:56:06.854896Z","level":"info","event":"Cosmos performance: time to calculate cache identifier cosmos_cache__get_cheapshark_deals__dbt_transform for current version: 0.0003312499975436367","logger":"cosmos.cache","filename":"cache.py","lineno":333}
{"timestamp":"2026-06-28T09:56:06.854967Z","level":"info","event":"Cosmos performance [58949f2f25c9|70]: The cache size for cosmos_cache__get_cheapshark_deals__dbt_transform is 1726","logger":"cosmos.dbt.graph","filename":"graph.py","lineno":798}
{"timestamp":"2026-06-28T09:56:06.855122Z","level":"info","event":"Cosmos performance: Cache hit for cosmos_cache__get_cheapshark_deals__dbt_transform - 5d5dc19a4d21d68d9e2dd97b4b147311,35c51d063f0c828f4111bbac634f6471","logger":"cosmos.dbt.graph","filename":"graph.py","lineno":806}
{"timestamp":"2026-06-28T09:56:06.855382Z","level":"info","event":"Total nodes: 2","logger":"cosmos.dbt.graph","filename":"graph.py","lineno":711}
{"timestamp":"2026-06-28T09:56:06.855423Z","level":"info","event":"Total filtered nodes: 2","logger":"cosmos.dbt.graph","filename":"graph.py","lineno":712}
{"timestamp":"2026-06-28T09:56:06.855459Z","level":"info","event":"Cosmos performance (get_cheapshark_deals__dbt_transform) -  [58949f2f25c9|70]: It took 0.00659s to parse the dbt project for DAG using LoadMode.DBT_LS_CACHE","logger":"cosmos.converter","filename":"converter.py","lineno":340}
{"timestamp":"2026-06-28T09:56:06.855707Z","level":"info","event":"Project /tmp/airflow/dag_bundles/my-git-repo/versions/596fbb2f512c9991fef10c89fe5b912989de75b0/dbt_project does not have {'dependencies.yml', 'packages.yml'}","logger":"cosmos.dbt.project","filename":"project.py","lineno":40}
{"timestamp":"2026-06-28T09:56:06.856196Z","level":"info","event":"Project /tmp/airflow/dag_bundles/my-git-repo/versions/596fbb2f512c9991fef10c89fe5b912989de75b0/dbt_project does not have {'dependencies.yml', 'packages.yml'}","logger":"cosmos.dbt.project","filename":"project.py","lineno":40}
{"timestamp":"2026-06-28T09:56:06.856443Z","level":"info","event":"Cosmos performance (get_cheapshark_deals__dbt_transform) - [58949f2f25c9|70]: It took 0.000984s to build the Airflow DAG.","logger":"cosmos.converter","filename":"converter.py","lineno":387}
{"timestamp":"2026-06-28T09:56:06.856481Z","level":"info","event":"::endgroup::Cosmos DAG parsing logs","logger":"cosmos.converter","filename":"converter.py","lineno":390}
{"timestamp":"2026-06-28T09:56:06.874117Z","level":"info","event":"Fetching page 0","logger":"root","filename":"ingestion.py","lineno":54}
{"timestamp":"2026-06-28T09:56:10.163968Z","level":"info","event":"Fetching page 1","logger":"root","filename":"ingestion.py","lineno":54}
{"timestamp":"2026-06-28T09:56:12.810369Z","level":"info","event":"Fetching page 2","logger":"root","filename":"ingestion.py","lineno":54}
{"timestamp":"2026-06-28T09:56:15.638760Z","level":"info","event":"Fetching page 3","logger":"root","filename":"ingestion.py","lineno":54}
{"timestamp":"2026-06-28T09:56:18.391879Z","level":"info","event":"Fetching page 4","logger":"root","filename":"ingestion.py","lineno":54}
{"timestamp":"2026-06-28T09:56:21.164937Z","level":"info","event":"Fetching page 5","logger":"root","filename":"ingestion.py","lineno":54}
{"timestamp":"2026-06-28T09:56:23.935591Z","level":"info","event":"Fetching page 6","logger":"root","filename":"ingestion.py","lineno":54}
{"timestamp":"2026-06-28T09:56:26.564040Z","level":"info","event":"Fetching page 7","logger":"root","filename":"ingestion.py","lineno":54}
{"timestamp":"2026-06-28T09:56:29.461552Z","level":"info","event":"Fetching page 8","logger":"root","filename":"ingestion.py","lineno":54}
{"timestamp":"2026-06-28T09:56:32.229867Z","level":"info","event":"Fetching page 9","logger":"root","filename":"ingestion.py","lineno":54}
{"timestamp":"2026-06-28T09:56:33.420956Z","level":"info","event":"Loaded batch 1","logger":"root","filename":"ingestion.py","lineno":32}
{"timestamp":"2026-06-28T09:56:35.222098Z","level":"info","event":"Fetching page 10","logger":"root","filename":"ingestion.py","lineno":54}
{"timestamp":"2026-06-28T09:56:37.921515Z","level":"info","event":"Fetching page 11","logger":"root","filename":"ingestion.py","lineno":54}
{"timestamp":"2026-06-28T09:56:40.616092Z","level":"info","event":"Fetching page 12","logger":"root","filename":"ingestion.py","lineno":54}
{"timestamp":"2026-06-28T09:56:43.186321Z","level":"info","event":"Fetching page 13","logger":"root","filename":"ingestion.py","lineno":54}
{"timestamp":"2026-06-28T09:57:53.628051Z","level":"error","event":"Got error on page 13: HTTPSConnectionPool(host='www.cheapshark.com', port=443): Max retries exceeded with url: /api/1.0/deals?storeID=1&pageNumber=13 (Caused by NewConnectionError(\"HTTPSConnection(host='www.cheapshark.com', port=443): Failed to establish a new connection: [Errno 101] Network is unreachable\"))","logger":"root","filename":"ingestion.py","lineno":76}
{"timestamp":"2026-06-28T09:57:53.629098Z","level":"info","event":"Flushing remains...","logger":"root","filename":"ingestion.py","lineno":39}
{"timestamp":"2026-06-28T09:57:53.812383Z","level":"info","event":"Ingestion completed.","logger":"root","filename":"ingestion.py","lineno":43}
{"timestamp":"2026-06-28T09:57:53.813425Z","level":"info","event":"Done. Returned value was: None","logger":"airflow.task.operators.airflow.providers.standard.operators.python.PythonOperator","filename":"python.py","lineno":216}
