[0m22:05:31.079382 [debug] [MainThread]: Sending event: {'category': 'dbt', 'action': 'invocation', 'label': 'start', 'context': [<snowplow_tracker.self_describing_json.SelfDescribingJson object at 0x000002247E8042F0>, <snowplow_tracker.self_describing_json.SelfDescribingJson object at 0x000002247F8FFD90>, <snowplow_tracker.self_describing_json.SelfDescribingJson object at 0x000002247F8FF9D0>]}


============================== 22:05:31.085381 | bb638088-30ba-4c98-9997-80c3ee8e4438 ==============================
[0m22:05:31.085381 [info ] [MainThread]: Running with dbt=1.11.2
[0m22:05:31.085979 [debug] [MainThread]: running dbt with arguments {'static_parser': 'True', 'no_print': 'None', 'version_check': 'True', 'warn_error_options': 'WarnErrorOptionsV2(error=[], warn=[], silence=[])', 'target_path': 'None', 'printer_width': '80', 'write_json': 'True', 'empty': 'None', 'log_cache_events': 'False', 'introspect': 'True', 'cache_selected_only': 'False', 'log_format': 'default', 'debug': 'False', 'fail_fast': 'False', 'profiles_dir': 'C:\\Users\\ilayb\\.dbt', 'send_anonymous_usage_stats': 'True', 'quiet': 'False', 'warn_error': 'None', 'partial_parse': 'True', 'invocation_command': 'dbt debug', 'use_colors': 'True', 'indirect_selection': 'eager', 'use_experimental_parser': 'False', 'log_path': 'logs'}
[0m22:05:31.118599 [info ] [MainThread]: dbt version: 1.11.2
[0m22:05:31.119241 [info ] [MainThread]: python version: 3.13.1
[0m22:05:31.119593 [info ] [MainThread]: python path: C:\Users\ilayb\AppData\Roaming\uv\tools\dbt-core\Scripts\python.exe
[0m22:05:31.119878 [info ] [MainThread]: os info: Windows-11-10.0.26200-SP0
[0m22:05:31.408678 [info ] [MainThread]: Using profiles dir at C:\Users\ilayb\.dbt
[0m22:05:31.409151 [info ] [MainThread]: Using profiles.yml file at C:\Users\ilayb\.dbt\profiles.yml
[0m22:05:31.409563 [info ] [MainThread]: Using dbt_project.yml file at C:\Users\ilayb\OneDrive\Desktop\Projects\DE\Lakehouse-Project\Airflow\dbt_project.yml
[0m22:05:31.410033 [info ] [MainThread]: Configuration:
[0m22:05:31.410300 [info ] [MainThread]:   profiles.yml file [[31mERROR invalid[0m]
[0m22:05:31.410586 [info ] [MainThread]:   dbt_project.yml file [[31mERROR not found[0m]
[0m22:05:31.410862 [info ] [MainThread]: Required dependencies:
[0m22:05:31.411223 [debug] [MainThread]: Executing "git --help"
[0m22:05:31.439435 [debug] [MainThread]: STDOUT: "b"usage: git [-v | --version] [-h | --help] [-C <path>] [-c <name>=<value>]\n           [--exec-path[=<path>]] [--html-path] [--man-path] [--info-path]\n           [-p | --paginate | -P | --no-pager] [--no-replace-objects] [--no-lazy-fetch]\n           [--no-optional-locks] [--no-advice] [--bare] [--git-dir=<path>]\n           [--work-tree=<path>] [--namespace=<name>] [--config-env=<name>=<envvar>]\n           <command> [<args>]\n\nThese are common Git commands used in various situations:\n\nstart a working area (see also: git help tutorial)\n   clone      Clone a repository into a new directory\n   init       Create an empty Git repository or reinitialize an existing one\n\nwork on the current change (see also: git help everyday)\n   add        Add file contents to the index\n   mv         Move or rename a file, a directory, or a symlink\n   restore    Restore working tree files\n   rm         Remove files from the working tree and from the index\n\nexamine the history and state (see also: git help revisions)\n   bisect     Use binary search to find the commit that introduced a bug\n   diff       Show changes between commits, commit and working tree, etc\n   grep       Print lines matching a pattern\n   log        Show commit logs\n   show       Show various types of objects\n   status     Show the working tree status\n\ngrow, mark and tweak your common history\n   backfill   Download missing objects in a partial clone\n   branch     List, create, or delete branches\n   commit     Record changes to the repository\n   merge      Join two or more development histories together\n   rebase     Reapply commits on top of another base tip\n   reset      Reset current HEAD to the specified state\n   switch     Switch branches\n   tag        Create, list, delete or verify a tag object signed with GPG\n\ncollaborate (see also: git help workflows)\n   fetch      Download objects and refs from another repository\n   pull       Fetch from and integrate with another repository or a local branch\n   push       Update remote refs along with associated objects\n\n'git help -a' and 'git help -g' list available subcommands and some\nconcept guides. See 'git help <command>' or 'git help <concept>'\nto read about a specific subcommand or concept.\nSee 'git help git' for an overview of the system.\n""
[0m22:05:31.439863 [debug] [MainThread]: STDERR: "b''"
[0m22:05:31.440179 [info ] [MainThread]:  - git [[32mOK found[0m]

[0m22:05:31.440520 [info ] [MainThread]: Connection test skipped since no profile was found
[0m22:05:31.440887 [info ] [MainThread]: [31m2 checks failed:[0m
[0m22:05:31.441187 [info ] [MainThread]: Could not load dbt_project.yml
Profile loading failed for the following reason:
Runtime Error
  Credentials in profile "dbt_project", target "dev" invalid: ['database name'] is not of type 'string'


[0m22:05:31.441536 [info ] [MainThread]: Project loading failed for the following reason:
 project path <C:\Users\ilayb\OneDrive\Desktop\Projects\DE\Lakehouse-Project\Airflow\dbt_project.yml> not found

[0m22:05:31.442240 [debug] [MainThread]: Command `dbt debug` failed at 22:05:31.442155 after 0.47 seconds
[0m22:05:31.442509 [debug] [MainThread]: Sending event: {'category': 'dbt', 'action': 'invocation', 'label': 'end', 'context': [<snowplow_tracker.self_describing_json.SelfDescribingJson object at 0x000002247FB9CE90>, <snowplow_tracker.self_describing_json.SelfDescribingJson object at 0x000002247FB8B2F0>, <snowplow_tracker.self_describing_json.SelfDescribingJson object at 0x000002247FBE87C0>]}
[0m22:05:31.442792 [debug] [MainThread]: Flushing usage events
[0m22:05:33.196608 [debug] [MainThread]: An error was encountered while trying to flush usage events
