{"timestamp":"2026-06-29T07:18:57.648053Z","level":"warning","event":"section/key [openlineage/namespace] not found in config","logger":"airflow.configuration","filename":"configuration.py","lineno":1111}
{"timestamp":"2026-06-29T07:18:57.860118Z","level":"info","event":"DAG bundles loaded: my-git-repo","logger":"airflow.dag_processing.bundles.manager.DagBundlesManager","filename":"manager.py","lineno":179}
{"timestamp":"2026-06-29T07:18:57.862570Z","level":"warning","event":"Using Connection.from_json from `airflow.models` is deprecated.Please use `from_json` on Connection from sdk(airflow.sdk.Connection) instead","category":"DeprecationWarning","filename":"/home/airflow/.local/lib/python3.12/site-packages/airflow/models/connection.py","lineno":574,"logger":"py.warnings"}
{"timestamp":"2026-06-29T07:18:57.863598Z","level":"info","event":"Cloning bare repository","bundle_name":"my-git-repo","version":"596fbb2f512c9991fef10c89fe5b912989de75b0","bare_repo_path":"PosixPath('/tmp/airflow/dag_bundles/my-git-repo/bare')","repo_path":"PosixPath('/tmp/airflow/dag_bundles/my-git-repo/versions/596fbb2f512c9991fef10c89fe5b912989de75b0')","versions_path":"PosixPath('/tmp/airflow/dag_bundles/my-git-repo/versions')","git_conn_id":"git_conn","submodules":false,"logger":"airflow.providers.git.bundles.git","filename":"git.py","lineno":200}
{"timestamp":"2026-06-29T07:18:59.523180Z","level":"info","event":"Cloning repository","bundle_name":"my-git-repo","version":"596fbb2f512c9991fef10c89fe5b912989de75b0","bare_repo_path":"PosixPath('/tmp/airflow/dag_bundles/my-git-repo/bare')","repo_path":"PosixPath('/tmp/airflow/dag_bundles/my-git-repo/versions/596fbb2f512c9991fef10c89fe5b912989de75b0')","versions_path":"PosixPath('/tmp/airflow/dag_bundles/my-git-repo/versions')","git_conn_id":"git_conn","submodules":false,"logger":"airflow.providers.git.bundles.git","filename":"git.py","lineno":166}
{"timestamp":"2026-06-29T07:18:59.555656Z","level":"info","event":"Filling up the DagBag from /tmp/airflow/dag_bundles/my-git-repo/versions/596fbb2f512c9991fef10c89fe5b912989de75b0/airflow-dags/cheapshark/DAG_cheapshark.py","logger":"airflow.models.dagbag.DagBag","filename":"dagbag.py","lineno":593}
{"timestamp":"2026-06-29T07:19:00.010712Z","level":"info","event":"::group::Cosmos DAG parsing logs","logger":"cosmos.converter","filename":"converter.py","lineno":293}
{"timestamp":"2026-06-29T07:19:00.011514Z","level":"info","event":"Trying to parse the dbt project using dbt ls cache cosmos_cache__get_cheapshark_deals__dbt_transform...","logger":"cosmos.dbt.graph","filename":"graph.py","lineno":781}
{"timestamp":"2026-06-29T07:19:00.060760Z","level":"info","event":"Cosmos performance: time to calculate cache identifier cosmos_cache__get_cheapshark_deals__dbt_transform for current version: 0.0004322079985286109","logger":"cosmos.cache","filename":"cache.py","lineno":333}
{"timestamp":"2026-06-29T07:19:00.060863Z","level":"info","event":"Cosmos performance [33c36635d6c7|84]: The cache size for cosmos_cache__get_cheapshark_deals__dbt_transform is 1726","logger":"cosmos.dbt.graph","filename":"graph.py","lineno":798}
{"timestamp":"2026-06-29T07:19:00.061045Z","level":"info","event":"Cosmos performance: Cache hit for cosmos_cache__get_cheapshark_deals__dbt_transform - 5d5dc19a4d21d68d9e2dd97b4b147311,35c51d063f0c828f4111bbac634f6471","logger":"cosmos.dbt.graph","filename":"graph.py","lineno":806}
{"timestamp":"2026-06-29T07:19:00.061444Z","level":"info","event":"Total nodes: 2","logger":"cosmos.dbt.graph","filename":"graph.py","lineno":711}
{"timestamp":"2026-06-29T07:19:00.061512Z","level":"info","event":"Total filtered nodes: 2","logger":"cosmos.dbt.graph","filename":"graph.py","lineno":712}
{"timestamp":"2026-06-29T07:19:00.061590Z","level":"info","event":"Cosmos performance (get_cheapshark_deals__dbt_transform) -  [33c36635d6c7|84]: It took 0.0502s to parse the dbt project for DAG using LoadMode.DBT_LS_CACHE","logger":"cosmos.converter","filename":"converter.py","lineno":340}
{"timestamp":"2026-06-29T07:19:00.061852Z","level":"info","event":"Project /tmp/airflow/dag_bundles/my-git-repo/versions/596fbb2f512c9991fef10c89fe5b912989de75b0/dbt_project does not have {'packages.yml', 'dependencies.yml'}","logger":"cosmos.dbt.project","filename":"project.py","lineno":40}
{"timestamp":"2026-06-29T07:19:00.062354Z","level":"info","event":"Project /tmp/airflow/dag_bundles/my-git-repo/versions/596fbb2f512c9991fef10c89fe5b912989de75b0/dbt_project does not have {'packages.yml', 'dependencies.yml'}","logger":"cosmos.dbt.project","filename":"project.py","lineno":40}
{"timestamp":"2026-06-29T07:19:00.062881Z","level":"info","event":"Cosmos performance (get_cheapshark_deals__dbt_transform) - [33c36635d6c7|84]: It took 0.00132s to build the Airflow DAG.","logger":"cosmos.converter","filename":"converter.py","lineno":387}
{"timestamp":"2026-06-29T07:19:00.062925Z","level":"info","event":"::endgroup::Cosmos DAG parsing logs","logger":"cosmos.converter","filename":"converter.py","lineno":390}
{"timestamp":"2026-06-29T07:19:00.088220Z","level":"info","event":"Fetching page 0","logger":"root","filename":"ingestion.py","lineno":54}
{"timestamp":"2026-06-29T07:19:03.422862Z","level":"info","event":"Fetching page 1","logger":"root","filename":"ingestion.py","lineno":54}
{"timestamp":"2026-06-29T07:19:09.267364Z","level":"info","event":"Fetching page 2","logger":"root","filename":"ingestion.py","lineno":54}
{"timestamp":"2026-06-29T07:19:11.952083Z","level":"info","event":"Fetching page 3","logger":"root","filename":"ingestion.py","lineno":54}
{"timestamp":"2026-06-29T07:19:14.788023Z","level":"info","event":"Fetching page 4","logger":"root","filename":"ingestion.py","lineno":54}
{"timestamp":"2026-06-29T07:19:18.479032Z","level":"info","event":"Fetching page 5","logger":"root","filename":"ingestion.py","lineno":54}
{"timestamp":"2026-06-29T07:19:21.265650Z","level":"info","event":"Fetching page 6","logger":"root","filename":"ingestion.py","lineno":54}
{"timestamp":"2026-06-29T07:19:24.275949Z","level":"info","event":"Fetching page 7","logger":"root","filename":"ingestion.py","lineno":54}
{"timestamp":"2026-06-29T07:19:27.689418Z","level":"info","event":"Fetching page 8","logger":"root","filename":"ingestion.py","lineno":54}
{"timestamp":"2026-06-29T07:19:30.458069Z","level":"info","event":"Fetching page 9","logger":"root","filename":"ingestion.py","lineno":54}
{"timestamp":"2026-06-29T07:19:32.121905Z","level":"info","event":"Loaded batch 1","logger":"root","filename":"ingestion.py","lineno":32}
{"timestamp":"2026-06-29T07:19:33.925792Z","level":"info","event":"Fetching page 10","logger":"root","filename":"ingestion.py","lineno":54}
{"timestamp":"2026-06-29T07:19:36.913647Z","level":"info","event":"Fetching page 11","logger":"root","filename":"ingestion.py","lineno":54}
{"timestamp":"2026-06-29T07:19:39.701290Z","level":"info","event":"Fetching page 12","logger":"root","filename":"ingestion.py","lineno":54}
{"timestamp":"2026-06-29T07:19:43.670971Z","level":"info","event":"Fetching page 13","logger":"root","filename":"ingestion.py","lineno":54}
{"timestamp":"2026-06-29T07:19:46.428973Z","level":"info","event":"Fetching page 14","logger":"root","filename":"ingestion.py","lineno":54}
{"timestamp":"2026-06-29T07:19:50.114450Z","level":"info","event":"Fetching page 15","logger":"root","filename":"ingestion.py","lineno":54}
{"timestamp":"2026-06-29T07:19:52.817851Z","level":"info","event":"Fetching page 16","logger":"root","filename":"ingestion.py","lineno":54}
{"timestamp":"2026-06-29T07:19:55.954427Z","level":"info","event":"Fetching page 17","logger":"root","filename":"ingestion.py","lineno":54}
{"timestamp":"2026-06-29T07:19:59.028073Z","level":"info","event":"Fetching page 18","logger":"root","filename":"ingestion.py","lineno":54}
{"timestamp":"2026-06-29T07:20:01.723506Z","level":"info","event":"Fetching page 19","logger":"root","filename":"ingestion.py","lineno":54}
{"timestamp":"2026-06-29T07:20:03.100317Z","level":"info","event":"Loaded batch 2","logger":"root","filename":"ingestion.py","lineno":32}
{"timestamp":"2026-06-29T07:20:04.906022Z","level":"info","event":"Fetching page 20","logger":"root","filename":"ingestion.py","lineno":54}
{"timestamp":"2026-06-29T07:20:08.855504Z","level":"info","event":"Fetching page 21","logger":"root","filename":"ingestion.py","lineno":54}
{"timestamp":"2026-06-29T07:20:11.929595Z","level":"info","event":"Fetching page 22","logger":"root","filename":"ingestion.py","lineno":54}
{"timestamp":"2026-06-29T07:20:14.999069Z","level":"info","event":"Fetching page 23","logger":"root","filename":"ingestion.py","lineno":54}
{"timestamp":"2026-06-29T07:20:17.718320Z","level":"info","event":"Fetching page 24","logger":"root","filename":"ingestion.py","lineno":54}
{"timestamp":"2026-06-29T07:20:20.378293Z","level":"info","event":"Fetching page 25","logger":"root","filename":"ingestion.py","lineno":54}
{"timestamp":"2026-06-29T07:20:23.300020Z","level":"info","event":"Fetching page 26","logger":"root","filename":"ingestion.py","lineno":54}
{"timestamp":"2026-06-29T07:20:26.984108Z","level":"info","event":"Fetching page 27","logger":"root","filename":"ingestion.py","lineno":54}
{"timestamp":"2026-06-29T07:20:29.615209Z","level":"info","event":"Fetching page 28","logger":"root","filename":"ingestion.py","lineno":54}
{"timestamp":"2026-06-29T07:20:32.518689Z","level":"info","event":"Fetching page 29","logger":"root","filename":"ingestion.py","lineno":54}
{"timestamp":"2026-06-29T07:20:33.478912Z","level":"info","event":"Loaded batch 3","logger":"root","filename":"ingestion.py","lineno":32}
{"timestamp":"2026-06-29T07:20:35.281516Z","level":"info","event":"Fetching page 30","logger":"root","filename":"ingestion.py","lineno":54}
{"timestamp":"2026-06-29T07:20:38.341632Z","level":"info","event":"Fetching page 31","logger":"root","filename":"ingestion.py","lineno":54}
{"timestamp":"2026-06-29T07:20:41.427548Z","level":"info","event":"Fetching page 32","logger":"root","filename":"ingestion.py","lineno":54}
{"timestamp":"2026-06-29T07:20:44.089333Z","level":"info","event":"Fetching page 33","logger":"root","filename":"ingestion.py","lineno":54}
{"timestamp":"2026-06-29T07:20:46.739215Z","level":"info","event":"Fetching page 34","logger":"root","filename":"ingestion.py","lineno":54}
{"timestamp":"2026-06-29T07:20:49.719716Z","level":"info","event":"Fetching page 35","logger":"root","filename":"ingestion.py","lineno":54}
{"timestamp":"2026-06-29T07:20:52.439237Z","level":"info","event":"Fetching page 36","logger":"root","filename":"ingestion.py","lineno":54}
{"timestamp":"2026-06-29T07:20:55.239484Z","level":"info","event":"Fetching page 37","logger":"root","filename":"ingestion.py","lineno":54}
{"timestamp":"2026-06-29T07:20:57.960822Z","level":"info","event":"Fetching page 38","logger":"root","filename":"ingestion.py","lineno":54}
{"timestamp":"2026-06-29T07:21:02.007917Z","level":"info","event":"Fetching page 39","logger":"root","filename":"ingestion.py","lineno":54}
{"timestamp":"2026-06-29T07:21:03.322705Z","level":"info","event":"Loaded batch 4","logger":"root","filename":"ingestion.py","lineno":32}
{"timestamp":"2026-06-29T07:21:05.125234Z","level":"info","event":"Fetching page 40","logger":"root","filename":"ingestion.py","lineno":54}
{"timestamp":"2026-06-29T07:21:09.068413Z","level":"info","event":"Fetching page 41","logger":"root","filename":"ingestion.py","lineno":54}
{"timestamp":"2026-06-29T07:21:13.365436Z","level":"info","event":"Fetching page 42","logger":"root","filename":"ingestion.py","lineno":54}
{"timestamp":"2026-06-29T07:21:16.745287Z","level":"info","event":"Fetching page 43","logger":"root","filename":"ingestion.py","lineno":54}
{"timestamp":"2026-06-29T07:21:20.126140Z","level":"info","event":"Fetching page 44","logger":"root","filename":"ingestion.py","lineno":54}
{"timestamp":"2026-06-29T07:21:22.888986Z","level":"info","event":"Fetching page 45","logger":"root","filename":"ingestion.py","lineno":54}
{"timestamp":"2026-06-29T07:21:25.657920Z","level":"info","event":"Fetching page 46","logger":"root","filename":"ingestion.py","lineno":54}
{"timestamp":"2026-06-29T07:21:28.727840Z","level":"info","event":"Fetching page 47","logger":"root","filename":"ingestion.py","lineno":54}
{"timestamp":"2026-06-29T07:21:32.102776Z","level":"info","event":"Fetching page 48","logger":"root","filename":"ingestion.py","lineno":54}
{"timestamp":"2026-06-29T07:21:35.184386Z","level":"info","event":"Fetching page 49","logger":"root","filename":"ingestion.py","lineno":54}
{"timestamp":"2026-06-29T07:21:37.414782Z","level":"info","event":"Loaded batch 5","logger":"root","filename":"ingestion.py","lineno":32}
{"timestamp":"2026-06-29T07:21:39.216633Z","level":"info","event":"Fetching page 50","logger":"root","filename":"ingestion.py","lineno":54}
{"timestamp":"2026-06-29T07:21:41.935535Z","level":"info","event":"Fetching page 51","logger":"root","filename":"ingestion.py","lineno":54}
{"timestamp":"2026-06-29T07:21:42.278148Z","level":"error","event":"Got error on page 51: 400 Client Error: Bad Request for url: https://www.cheapshark.com/api/1.0/deals?storeID=1&pageNumber=51","logger":"root","filename":"ingestion.py","lineno":76}
{"timestamp":"2026-06-29T07:21:42.281094Z","level":"info","event":"Flushing remains...","logger":"root","filename":"ingestion.py","lineno":39}
{"timestamp":"2026-06-29T07:21:42.294893Z","level":"info","event":"Ingestion completed.","logger":"root","filename":"ingestion.py","lineno":43}
{"timestamp":"2026-06-29T07:21:42.296114Z","level":"info","event":"Done. Returned value was: None","logger":"airflow.task.operators.airflow.providers.standard.operators.python.PythonOperator","filename":"python.py","lineno":216}
