{"timestamp":"2026-06-29T07:21:52.010112Z","level":"warning","event":"section/key [openlineage/namespace] not found in config","logger":"airflow.configuration","filename":"configuration.py","lineno":1111}
{"timestamp":"2026-06-29T07:21:52.122973Z","level":"info","event":"DAG bundles loaded: my-git-repo","logger":"airflow.dag_processing.bundles.manager.DagBundlesManager","filename":"manager.py","lineno":179}
{"timestamp":"2026-06-29T07:21:52.124103Z","level":"warning","event":"Using Connection.from_json from `airflow.models` is deprecated.Please use `from_json` on Connection from sdk(airflow.sdk.Connection) instead","category":"DeprecationWarning","filename":"/home/airflow/.local/lib/python3.12/site-packages/airflow/models/connection.py","lineno":574,"logger":"py.warnings"}
{"timestamp":"2026-06-29T07:21:52.695357Z","level":"warning","event":"Repository clone/open failed, cleaning up and retrying","bundle_name":"my-git-repo","version":"596fbb2f512c9991fef10c89fe5b912989de75b0","bare_repo_path":"PosixPath('/tmp/airflow/dag_bundles/my-git-repo/bare')","repo_path":"PosixPath('/tmp/airflow/dag_bundles/my-git-repo/versions/596fbb2f512c9991fef10c89fe5b912989de75b0')","versions_path":"PosixPath('/tmp/airflow/dag_bundles/my-git-repo/versions')","git_conn_id":"git_conn","submodules":false,"exc":"InvalidGitRepositoryError('/tmp/airflow/dag_bundles/my-git-repo/versions/596fbb2f512c9991fef10c89fe5b912989de75b0')","logger":"airflow.providers.git.bundles.git","filename":"git.py","lineno":180}
{"timestamp":"2026-06-29T07:21:52.699346Z","level":"info","event":"Cloning repository","bundle_name":"my-git-repo","version":"596fbb2f512c9991fef10c89fe5b912989de75b0","bare_repo_path":"PosixPath('/tmp/airflow/dag_bundles/my-git-repo/bare')","repo_path":"PosixPath('/tmp/airflow/dag_bundles/my-git-repo/versions/596fbb2f512c9991fef10c89fe5b912989de75b0')","versions_path":"PosixPath('/tmp/airflow/dag_bundles/my-git-repo/versions')","git_conn_id":"git_conn","submodules":false,"logger":"airflow.providers.git.bundles.git","filename":"git.py","lineno":166}
{"timestamp":"2026-06-29T07:21:52.740321Z","level":"info","event":"Filling up the DagBag from /tmp/airflow/dag_bundles/my-git-repo/versions/596fbb2f512c9991fef10c89fe5b912989de75b0/airflow-dags/cheapshark/DAG_cheapshark.py","logger":"airflow.models.dagbag.DagBag","filename":"dagbag.py","lineno":593}
{"timestamp":"2026-06-29T07:21:53.109173Z","level":"info","event":"::group::Cosmos DAG parsing logs","logger":"cosmos.converter","filename":"converter.py","lineno":293}
{"timestamp":"2026-06-29T07:21:53.109821Z","level":"info","event":"Trying to parse the dbt project using dbt ls cache cosmos_cache__get_cheapshark_deals__dbt_transform...","logger":"cosmos.dbt.graph","filename":"graph.py","lineno":781}
{"timestamp":"2026-06-29T07:21:53.116379Z","level":"info","event":"Cosmos performance: time to calculate cache identifier cosmos_cache__get_cheapshark_deals__dbt_transform for current version: 0.0005360830036806874","logger":"cosmos.cache","filename":"cache.py","lineno":333}
{"timestamp":"2026-06-29T07:21:53.116460Z","level":"info","event":"Cosmos performance [33c36635d6c7|193]: The cache size for cosmos_cache__get_cheapshark_deals__dbt_transform is 1726","logger":"cosmos.dbt.graph","filename":"graph.py","lineno":798}
{"timestamp":"2026-06-29T07:21:53.116611Z","level":"info","event":"Cosmos performance: Cache hit for cosmos_cache__get_cheapshark_deals__dbt_transform - 5d5dc19a4d21d68d9e2dd97b4b147311,35c51d063f0c828f4111bbac634f6471","logger":"cosmos.dbt.graph","filename":"graph.py","lineno":806}
{"timestamp":"2026-06-29T07:21:53.116808Z","level":"info","event":"Total nodes: 2","logger":"cosmos.dbt.graph","filename":"graph.py","lineno":711}
{"timestamp":"2026-06-29T07:21:53.116845Z","level":"info","event":"Total filtered nodes: 2","logger":"cosmos.dbt.graph","filename":"graph.py","lineno":712}
{"timestamp":"2026-06-29T07:21:53.116879Z","level":"info","event":"Cosmos performance (get_cheapshark_deals__dbt_transform) -  [33c36635d6c7|193]: It took 0.00712s to parse the dbt project for DAG using LoadMode.DBT_LS_CACHE","logger":"cosmos.converter","filename":"converter.py","lineno":340}
{"timestamp":"2026-06-29T07:21:53.117150Z","level":"info","event":"Project /tmp/airflow/dag_bundles/my-git-repo/versions/596fbb2f512c9991fef10c89fe5b912989de75b0/dbt_project does not have {'packages.yml', 'dependencies.yml'}","logger":"cosmos.dbt.project","filename":"project.py","lineno":40}
{"timestamp":"2026-06-29T07:21:53.117571Z","level":"info","event":"Project /tmp/airflow/dag_bundles/my-git-repo/versions/596fbb2f512c9991fef10c89fe5b912989de75b0/dbt_project does not have {'packages.yml', 'dependencies.yml'}","logger":"cosmos.dbt.project","filename":"project.py","lineno":40}
{"timestamp":"2026-06-29T07:21:53.117822Z","level":"info","event":"Cosmos performance (get_cheapshark_deals__dbt_transform) - [33c36635d6c7|193]: It took 0.00094s to build the Airflow DAG.","logger":"cosmos.converter","filename":"converter.py","lineno":387}
{"timestamp":"2026-06-29T07:21:53.117861Z","level":"info","event":"::endgroup::Cosmos DAG parsing logs","logger":"cosmos.converter","filename":"converter.py","lineno":390}
{"timestamp":"2026-06-29T07:21:53.918718Z","level":"info","event":"dbtRunner is available. Using dbtRunner for invoking dbt.","logger":"cosmos.operators.local","filename":"local.py","lineno":269}
{"timestamp":"2026-06-29T07:21:53.918978Z","level":"info","event":"Cloning project to writable temp directory /tmp/tmp5j1f9j4s from /tmp/airflow/dag_bundles/my-git-repo/versions/596fbb2f512c9991fef10c89fe5b912989de75b0/dbt_project","logger":"cosmos.operators.local","filename":"local.py","lineno":494}
{"timestamp":"2026-06-29T07:21:53.919971Z","level":"info","event":"Partial parse is enabled and the latest partial parse file is None","logger":"cosmos.operators.local","filename":"local.py","lineno":514}
{"timestamp":"2026-06-29T07:21:53.920038Z","level":"info","event":"Profile caching is enable.","logger":"cosmos.config","filename":"config.py","lineno":382}
{"timestamp":"2026-06-29T07:21:54.078276Z","level":"info","event":"Using real values for profile lakehouse_profile","logger":"cosmos.profiles.base","filename":"base.py","lineno":259}
{"timestamp":"2026-06-29T07:21:54.079266Z","level":"info","event":"Profile not found in cache storing and using profile: /tmp/cosmos/profile/1316fd019c252fcced4f0575a9ecd1ffa097bd679c62e1ea07ef6708aa492332/profiles.yml.","logger":"cosmos.config","filename":"config.py","lineno":369}
{"timestamp":"2026-06-29T07:21:54.079722Z","level":"info","event":"Trying to run dbtRunner with:\n ['run', '--select', 'fqn:dbt_project.staging.cheapshark_api.stg_cheapshark_api__game_deals', '--project-dir', '/tmp/tmp5j1f9j4s', '--profiles-dir', '/tmp/cosmos/profile/1316fd019c252fcced4f0575a9ecd1ffa097bd679c62e1ea07ef6708aa492332', '--profile', 'lakehouse_profile', '--target', 'dev', '--no-static-parser']\n in /tmp/tmp5j1f9j4s","logger":"cosmos.dbt.runner","filename":"runner.py","lineno":98}
{"timestamp":"2026-06-29T07:21:54.124646Z","level":"info","event":"\u001b[0m07:21:54  Running with dbt=1.11.2","logger":"task.stdout"}
{"timestamp":"2026-06-29T07:21:54.142979Z","level":"info","event":"keyring module not found. OAuth2 token will not be stored in keyring.","logger":"trino.auth","filename":"auth.py","lineno":361}
{"timestamp":"2026-06-29T07:21:54.144120Z","level":"info","event":"keyring module not found. OAuth2 token will not be stored in keyring.","logger":"trino.auth","filename":"auth.py","lineno":361}
{"timestamp":"2026-06-29T07:21:54.329274Z","level":"info","event":"\u001b[0m07:21:54  Registered adapter: trino=1.10.1","logger":"task.stdout"}
{"timestamp":"2026-06-29T07:21:54.636166Z","level":"info","event":"\u001b[0m07:21:54  Unable to do partial parsing because saved manifest not found. Starting full parse.","logger":"task.stdout"}
{"timestamp":"2026-06-29T07:21:55.565237Z","level":"info","event":"\u001b[0m07:21:55  Found 8 models, 2 sources, 485 macros","logger":"task.stdout"}
{"timestamp":"2026-06-29T07:21:55.566527Z","level":"info","event":"\u001b[0m07:21:55","logger":"task.stdout"}
{"timestamp":"2026-06-29T07:21:55.566705Z","level":"info","event":"\u001b[0m07:21:55  Concurrency: 1 threads (target='dev')","logger":"task.stdout"}
{"timestamp":"2026-06-29T07:21:55.566864Z","level":"info","event":"\u001b[0m07:21:55","logger":"task.stdout"}
{"timestamp":"2026-06-29T07:21:55.584884Z","level":"info","event":"\u001b[0m07:21:55  [\u001b[33mWARNING\u001b[0m]: SSL certificate validation is disabled by default. It is legacy behavior which will be changed in future releases. It is strongly advised to enable `require_certificate_validation` flag or explicitly set `cert` configuration to `True` for security reasons. You may receive an error after that if your SSL setup is incorrect.","logger":"task.stdout"}
{"timestamp":"2026-06-29T07:21:55.585060Z","level":"info","event":"You may opt into the new behavior sooner by setting `flags.require_certificate_validation` to `True` in `dbt_project.yml`.","logger":"task.stdout"}
{"timestamp":"2026-06-29T07:21:55.585137Z","level":"info","event":"Visit https://docs.getdbt.com/reference/global-configs/behavior-changes for more information.","logger":"task.stdout"}
{"timestamp":"2026-06-29T07:21:57.559091Z","level":"info","event":"\u001b[0m07:21:57  1 of 1 START sql view model staging.stg_cheapshark_api__game_deals ............. [RUN]","logger":"task.stdout"}
{"timestamp":"2026-06-29T07:21:57.798438Z","level":"info","event":"\u001b[0m07:21:57  1 of 1 OK created sql view model staging.stg_cheapshark_api__game_deals ........ [\u001b[32mCREATE VIEW\u001b[0m in 0.24s]","logger":"task.stdout"}
{"timestamp":"2026-06-29T07:21:57.800792Z","level":"info","event":"\u001b[0m07:21:57","logger":"task.stdout"}
{"timestamp":"2026-06-29T07:21:57.801059Z","level":"info","event":"\u001b[0m07:21:57  Finished running 1 view model in 0 hours 0 minutes and 2.23 seconds (2.23s).","logger":"task.stdout"}
{"timestamp":"2026-06-29T07:21:57.820875Z","level":"info","event":"\u001b[0m07:21:57","logger":"task.stdout"}
{"timestamp":"2026-06-29T07:21:57.821128Z","level":"info","event":"\u001b[0m07:21:57  \u001b[32mCompleted successfully\u001b[0m","logger":"task.stdout"}
{"timestamp":"2026-06-29T07:21:57.821296Z","level":"info","event":"\u001b[0m07:21:57","logger":"task.stdout"}
{"timestamp":"2026-06-29T07:21:57.821542Z","level":"info","event":"\u001b[0m07:21:57  Done. PASS=1 WARN=0 ERROR=0 SKIP=0 NO-OP=0 TOTAL=1","logger":"task.stdout"}
{"timestamp":"2026-06-29T07:21:59.078713Z","level":"warning","event":"Airflow 3.0.0 Asset (Dataset) URIs validation rules changed and OpenLineage URIs (standard used by Cosmos) are no longer accepted. Therefore, if using Cosmos with Airflow 3, the Airflow Asset (Dataset) URI is now <trino://trino:8080/iceberg/staging/cheapshark_data>. Before, with Airflow 2.x, the URI used to be <trino://trino:8080/iceberg.staging.cheapshark_data>. Please, change any DAGs that were scheduled using the old standard to the new one.","logger":"cosmos.dataset","filename":"dataset.py","lineno":227}
{"timestamp":"2026-06-29T07:22:00.573693Z","level":"warning","event":"Airflow 3.0.0 Asset (Dataset) URIs validation rules changed and OpenLineage URIs (standard used by Cosmos) are no longer accepted. Therefore, if using Cosmos with Airflow 3, the Airflow Asset (Dataset) URI is now <trino://trino:8080/iceberg/staging/stg_cheapshark_api__game_deals>. Before, with Airflow 2.x, the URI used to be <trino://trino:8080/iceberg.staging.stg_cheapshark_api__game_deals>. Please, change any DAGs that were scheduled using the old standard to the new one.","logger":"cosmos.dataset","filename":"dataset.py","lineno":227}
{"timestamp":"2026-06-29T07:22:00.573914Z","level":"info","event":"Inlets: [Asset(name='trino://trino:8080/iceberg/staging/cheapshark_data', uri='trino://trino:8080/iceberg/staging/cheapshark_data', group='asset', extra={}, watchers=[])]","logger":"cosmos.operators.local","filename":"local.py","lineno":571}
{"timestamp":"2026-06-29T07:22:00.574038Z","level":"info","event":"Outlets: [Asset(name='trino://trino:8080/iceberg/staging/stg_cheapshark_api__game_deals', uri='trino://trino:8080/iceberg/staging/stg_cheapshark_api__game_deals', group='asset', extra={}, watchers=[])]","logger":"cosmos.operators.local","filename":"local.py","lineno":572}
{"timestamp":"2026-06-29T07:22:00.574199Z","level":"info","event":"Assigning outlets with DatasetAlias in Airflow 3","logger":"cosmos.operators.local","filename":"local.py","lineno":823}
